[resume] seed=0 variant=single_0 already has step=10000; skipping
[resume] seed=0 variant=single_2 already has step=10000; skipping
[single_4 seed=0] step=0 pos0_grad=-3.137e-08 bos_grad=+1.212e-08 pos0_attn=0.0348 bos_attn=0.0257
[single_4 seed=0] step=1000 pos0_grad=+3.704e-09 bos_grad=-4.979e-09 pos0_attn=0.0275 bos_attn=0.0168
[single_4 seed=0] step=5000 pos0_grad=+3.019e-08 bos_grad=+8.703e-09 pos0_attn=0.0230 bos_attn=0.0126
[single_4 seed=0] step=10000 pos0_grad=+1.868e-08 bos_grad=+1.141e-08 pos0_attn=0.0245 bos_attn=0.0159
[single_8 seed=0] step=0 pos0_grad=-8.716e-10 bos_grad=-6.596e-09 pos0_attn=0.0350 bos_attn=0.0219
[single_8 seed=0] step=1000 pos0_grad=+9.790e-10 bos_grad=-2.117e-09 pos0_attn=0.0269 bos_attn=0.0154
[single_8 seed=0] step=5000 pos0_grad=+3.100e-08 bos_grad=-2.234e-08 pos0_attn=0.0232 bos_attn=0.0155
[single_8 seed=0] step=10000 pos0_grad=+1.345e-08 bos_grad=-1.477e-07 pos0_attn=0.0248 bos_attn=0.0171
[single_16 seed=0] step=0 pos0_grad=-3.598e-08 bos_grad=-5.850e-09 pos0_attn=0.0349 bos_attn=0.0179
[single_16 seed=0] step=1000 pos0_grad=+5.252e-09 bos_grad=-1.893e-09 pos0_attn=0.0288 bos_attn=0.0134
[single_16 seed=0] step=5000 pos0_grad=+7.383e-09 bos_grad=+3.152e-08 pos0_attn=0.0240 bos_attn=0.0100
[single_16 seed=0] step=10000 pos0_grad=-1.023e-08 bos_grad=-1.273e-07 pos0_attn=0.0250 bos_attn=0.0110
[single_32 seed=0] step=0 pos0_grad=-9.698e-09 bos_grad=-1.982e-09 pos0_attn=0.0349 bos_attn=0.0141
[single_32 seed=0] step=1000 pos0_grad=+2.148e-09 bos_grad=+8.903e-10 pos0_attn=0.0265 bos_attn=0.0098
[single_32 seed=0] step=5000 pos0_grad=+3.709e-08 bos_grad=+1.093e-07 pos0_attn=0.0224 bos_attn=0.0069
[single_32 seed=0] step=10000 pos0_grad=+5.878e-08 bos_grad=+7.685e-08 pos0_attn=0.0235 bos_attn=0.0065
[single_64 seed=0] step=0 pos0_grad=+3.970e-09 bos_grad=+5.745e-09 pos0_attn=0.0350 bos_attn=0.0107
[single_64 seed=0] step=1000 pos0_grad=+4.998e-10 bos_grad=+1.555e-09 pos0_attn=0.0280 bos_attn=0.0065
[single_64 seed=0] step=5000 pos0_grad=+3.276e-09 bos_grad=-1.623e-08 pos0_attn=0.0229 bos_attn=0.0049
[single_64 seed=0] step=10000 pos0_grad=+6.604e-09 bos_grad=-3.532e-08 pos0_attn=0.0242 bos_attn=0.0057
[no_bos seed=0] step=0 pos0_grad=-1.982e-08 bos_grad=+nan pos0_attn=0.0349 bos_attn=0.0000
[no_bos seed=0] step=1000 pos0_grad=+1.718e-09 bos_grad=+nan pos0_attn=0.0272 bos_attn=0.0000
[no_bos seed=0] step=5000 pos0_grad=+2.243e-08 bos_grad=+nan pos0_attn=0.0223 bos_attn=0.0000
[no_bos seed=0] step=10000 pos0_grad=+1.638e-08 bos_grad=+nan pos0_attn=0.0234 bos_attn=0.0000
[duplicate_0,8 seed=0] step=0 pos0_grad=-1.221e-08 bos_grad=+6.125e-09 pos0_attn=0.0347 bos_attn=0.0565
[duplicate_0,8 seed=0] step=1000 pos0_grad=+2.131e-09 bos_grad=+1.185e-08 pos0_attn=0.0424 bos_attn=0.0596
[duplicate_0,8 seed=0] step=5000 pos0_grad=+8.489e-08 bos_grad=+8.489e-08 pos0_attn=0.0576 bos_attn=0.0723
[duplicate_0,8 seed=0] step=10000 pos0_grad=+1.829e-07 bos_grad=+1.829e-07 pos0_attn=0.0723 bos_attn=0.0840
[duplicate_0,32 seed=0] step=0 pos0_grad=+9.990e-09 bos_grad=+9.990e-09 pos0_attn=0.0349 bos_attn=0.0490
[duplicate_0,32 seed=0] step=1000 pos0_grad=-6.034e-09 bos_grad=-5.039e-09 pos0_attn=0.0407 bos_attn=0.0512
[duplicate_0,32 seed=0] step=5000 pos0_grad=+7.793e-08 bos_grad=+7.793e-08 pos0_attn=0.0583 bos_attn=0.0660
[duplicate_0,32 seed=0] step=10000 pos0_grad=+2.117e-07 bos_grad=+2.117e-07 pos0_attn=0.0703 bos_attn=0.0756
[single_0 seed=1] step=0 pos0_grad=+3.787e-09 bos_grad=+3.787e-09 pos0_attn=0.0348 bos_attn=0.0348
[single_0 seed=1] step=1000 pos0_grad=-1.839e-08 bos_grad=-1.839e-08 pos0_attn=0.0415 bos_attn=0.0415
[single_0 seed=1] step=5000 pos0_grad=-1.354e-07 bos_grad=-1.354e-07 pos0_attn=0.0727 bos_attn=0.0727
[single_0 seed=1] step=10000 pos0_grad=-2.499e-07 bos_grad=-2.499e-07 pos0_attn=0.0820 bos_attn=0.0820
[single_2 seed=1] step=0 pos0_grad=-1.122e-08 bos_grad=-4.419e-08 pos0_attn=0.0349 bos_attn=0.0287
[single_2 seed=1] step=1000 pos0_grad=-3.870e-09 bos_grad=-8.615e-09 pos0_attn=0.0251 bos_attn=0.0202
[single_2 seed=1] step=5000 pos0_grad=+2.940e-08 bos_grad=-9.040e-09 pos0_attn=0.0212 bos_attn=0.0189
[single_2 seed=1] step=10000 pos0_grad=+3.070e-08 bos_grad=-1.063e-07 pos0_attn=0.0202 bos_attn=0.0220
[single_4 seed=1] step=0 pos0_grad=-2.888e-09 bos_grad=+2.450e-09 pos0_attn=0.0349 bos_attn=0.0257
[single_4 seed=1] step=1000 pos0_grad=+1.971e-09 bos_grad=+4.934e-09 pos0_attn=0.0274 bos_attn=0.0185
[single_4 seed=1] step=5000 pos0_grad=+4.874e-08 bos_grad=+8.064e-08 pos0_attn=0.0229 bos_attn=0.0154
[single_4 seed=1] step=10000 pos0_grad=+8.737e-08 bos_grad=+9.828e-09 pos0_attn=0.0224 bos_attn=0.0182
[single_8 seed=1] step=0 pos0_grad=+1.453e-08 bos_grad=+1.244e-09 pos0_attn=0.0350 bos_attn=0.0218
[single_8 seed=1] step=1000 pos0_grad=+4.152e-09 bos_grad=+4.266e-10 pos0_attn=0.0272 bos_attn=0.0145
[single_8 seed=1] step=5000 pos0_grad=+2.974e-08 bos_grad=+2.790e-08 pos0_attn=0.0223 bos_attn=0.0151
[single_8 seed=1] step=10000 pos0_grad=-4.087e-09 bos_grad=-1.056e-08 pos0_attn=0.0227 bos_attn=0.0184
[single_16 seed=1] step=0 pos0_grad=+1.016e-08 bos_grad=-7.734e-10 pos0_attn=0.0350 bos_attn=0.0179
[single_16 seed=1] step=1000 pos0_grad=+1.537e-09 bos_grad=-5.278e-09 pos0_attn=0.0289 bos_attn=0.0126
[single_16 seed=1] step=5000 pos0_grad=+1.225e-08 bos_grad=+4.117e-08 pos0_attn=0.0236 bos_attn=0.0097
[single_16 seed=1] step=10000 pos0_grad=+2.783e-08 bos_grad=+1.519e-07 pos0_attn=0.0251 bos_attn=0.0094
[single_32 seed=1] step=0 pos0_grad=+1.909e-08 bos_grad=+9.301e-09 pos0_attn=0.0349 bos_attn=0.0142
[single_32 seed=1] step=1000 pos0_grad=+3.070e-09 bos_grad=-2.551e-10 pos0_attn=0.0269 bos_attn=0.0087
[single_32 seed=1] step=5000 pos0_grad=+3.254e-08 bos_grad=+1.924e-08 pos0_attn=0.0233 bos_attn=0.0059
[single_32 seed=1] step=10000 pos0_grad=-1.285e-09 bos_grad=+8.769e-09 pos0_attn=0.0251 bos_attn=0.0042
[single_64 seed=1] step=0 pos0_grad=-2.213e-08 bos_grad=+1.949e-09 pos0_attn=0.0348 bos_attn=0.0106
[single_64 seed=1] step=1000 pos0_grad=+5.412e-09 bos_grad=-2.986e-09 pos0_attn=0.0267 bos_attn=0.0087
[single_64 seed=1] step=5000 pos0_grad=+2.067e-08 bos_grad=-5.199e-09 pos0_attn=0.0219 bos_attn=0.0061
[single_64 seed=1] step=10000 pos0_grad=-3.412e-08 bos_grad=-1.635e-08 pos0_attn=0.0240 bos_attn=0.0047
[no_bos seed=1] step=0 pos0_grad=+8.507e-09 bos_grad=+nan pos0_attn=0.0348 bos_attn=0.0000
[no_bos seed=1] step=1000 pos0_grad=-2.951e-09 bos_grad=+nan pos0_attn=0.0271 bos_attn=0.0000
[no_bos seed=1] step=5000 pos0_grad=+1.465e-08 bos_grad=+nan pos0_attn=0.0232 bos_attn=0.0000
[no_bos seed=1] step=10000 pos0_grad=-6.044e-09 bos_grad=+nan pos0_attn=0.0251 bos_attn=0.0000
[duplicate_0,8 seed=1] step=0 pos0_grad=-1.066e-09 bos_grad=-1.119e-10 pos0_attn=0.0347 bos_attn=0.0567
[duplicate_0,8 seed=1] step=1000 pos0_grad=+4.857e-09 bos_grad=+4.857e-09 pos0_attn=0.0428 bos_attn=0.0592
[duplicate_0,8 seed=1] step=5000 pos0_grad=+1.995e-08 bos_grad=+9.474e-08 pos0_attn=0.0677 bos_attn=0.0819
[duplicate_0,8 seed=1] step=10000 pos0_grad=+1.082e-07 bos_grad=+1.082e-07 pos0_attn=0.0811 bos_attn=0.0936
[duplicate_0,32 seed=1] step=0 pos0_grad=+1.988e-08 bos_grad=+1.988e-08 pos0_attn=0.0348 bos_attn=0.0489
[duplicate_0,32 seed=1] step=1000 pos0_grad=+1.244e-08 bos_grad=+1.244e-08 pos0_attn=0.0435 bos_attn=0.0553
[duplicate_0,32 seed=1] step=5000 pos0_grad=-5.343e-08 bos_grad=+1.995e-08 pos0_attn=0.0648 bos_attn=0.0746
[duplicate_0,32 seed=1] step=10000 pos0_grad=+1.779e-07 bos_grad=+1.779e-07 pos0_attn=0.0917 bos_attn=0.0997
[single_0 seed=2] step=0 pos0_grad=-9.430e-09 bos_grad=-9.430e-09 pos0_attn=0.0348 bos_attn=0.0348
[single_0 seed=2] step=1000 pos0_grad=+8.640e-09 bos_grad=+8.640e-09 pos0_attn=0.0384 bos_attn=0.0384
[single_0 seed=2] step=5000 pos0_grad=+2.223e-08 bos_grad=+2.223e-08 pos0_attn=0.0618 bos_attn=0.0618
[single_0 seed=2] step=10000 pos0_grad=+2.638e-07 bos_grad=+2.638e-07 pos0_attn=0.0795 bos_attn=0.0795
[single_2 seed=2] step=0 pos0_grad=-2.964e-08 bos_grad=+4.271e-09 pos0_attn=0.0348 bos_attn=0.0289
[single_2 seed=2] step=1000 pos0_grad=+2.812e-09 bos_grad=-1.813e-08 pos0_attn=0.0250 bos_attn=0.0220
[single_2 seed=2] step=5000 pos0_grad=+4.420e-08 bos_grad=-1.200e-07 pos0_attn=0.0220 bos_attn=0.0180
[single_2 seed=2] step=10000 pos0_grad=+5.732e-08 bos_grad=-1.921e-07 pos0_attn=0.0224 bos_attn=0.0226
[single_4 seed=2] step=0 pos0_grad=-3.103e-08 bos_grad=+1.704e-08 pos0_attn=0.0349 bos_attn=0.0256
[single_4 seed=2] step=1000 pos0_grad=+3.406e-09 bos_grad=-2.107e-09 pos0_attn=0.0272 bos_attn=0.0194
[single_4 seed=2] step=5000 pos0_grad=+4.040e-08 bos_grad=-2.476e-08 pos0_attn=0.0231 bos_attn=0.0168
[single_4 seed=2] step=10000 pos0_grad=+5.388e-08 bos_grad=-1.562e-07 pos0_attn=0.0244 bos_attn=0.0194
[single_8 seed=2] step=0 pos0_grad=+1.914e-08 bos_grad=+2.876e-08 pos0_attn=0.0350 bos_attn=0.0219
[single_8 seed=2] step=1000 pos0_grad=-6.929e-09 bos_grad=+1.082e-08 pos0_attn=0.0280 bos_attn=0.0143
[single_8 seed=2] step=5000 pos0_grad=+9.863e-09 bos_grad=+2.032e-07 pos0_attn=0.0221 bos_attn=0.0117
[single_8 seed=2] step=10000 pos0_grad=-4.795e-10 bos_grad=+2.754e-07 pos0_attn=0.0247 bos_attn=0.0130
[single_16 seed=2] step=0 pos0_grad=+4.262e-08 bos_grad=+2.685e-09 pos0_attn=0.0347 bos_attn=0.0180
[single_16 seed=2] step=1000 pos0_grad=+1.220e-09 bos_grad=+1.521e-09 pos0_attn=0.0268 bos_attn=0.0114
[single_16 seed=2] step=5000 pos0_grad=+4.115e-08 bos_grad=+5.649e-08 pos0_attn=0.0226 bos_attn=0.0092
[single_16 seed=2] step=10000 pos0_grad=-4.936e-09 bos_grad=-9.874e-08 pos0_attn=0.0237 bos_attn=0.0120
[single_32 seed=2] step=0 pos0_grad=+1.656e-09 bos_grad=+2.664e-10 pos0_attn=0.0349 bos_attn=0.0142
[single_32 seed=2] step=1000 pos0_grad=+2.567e-09 bos_grad=+1.396e-09 pos0_attn=0.0277 bos_attn=0.0105
[single_32 seed=2] step=5000 pos0_grad=+1.227e-08 bos_grad=+7.028e-08 pos0_attn=0.0231 bos_attn=0.0070
[single_32 seed=2] step=10000 pos0_grad=+1.041e-08 bos_grad=+4.976e-08 pos0_attn=0.0241 bos_attn=0.0067
[single_64 seed=2] step=0 pos0_grad=-1.557e-08 bos_grad=+3.752e-09 pos0_attn=0.0349 bos_attn=0.0108
[single_64 seed=2] step=1000 pos0_grad=+6.557e-09 bos_grad=-1.811e-09 pos0_attn=0.0278 bos_attn=0.0071
[single_64 seed=2] step=5000 pos0_grad=+3.475e-08 bos_grad=-7.087e-09 pos0_attn=0.0242 bos_attn=0.0041
[single_64 seed=2] step=10000 pos0_grad=+2.961e-08 bos_grad=-1.418e-08 pos0_attn=0.0254 bos_attn=0.0041
[no_bos seed=2] step=0 pos0_grad=-1.615e-08 bos_grad=+nan pos0_attn=0.0348 bos_attn=0.0000
[no_bos seed=2] step=1000 pos0_grad=-4.807e-09 bos_grad=+nan pos0_attn=0.0282 bos_attn=0.0000
[no_bos seed=2] step=5000 pos0_grad=-4.799e-09 bos_grad=+nan pos0_attn=0.0230 bos_attn=0.0000
[no_bos seed=2] step=10000 pos0_grad=-8.146e-08 bos_grad=+nan pos0_attn=0.0246 bos_attn=0.0000
[duplicate_0,8 seed=2] step=0 pos0_grad=+3.022e-08 bos_grad=+3.022e-08 pos0_attn=0.0345 bos_attn=0.0564
[duplicate_0,8 seed=2] step=1000 pos0_grad=+2.129e-09 bos_grad=+2.301e-09 pos0_attn=0.0394 bos_attn=0.0585
[duplicate_0,8 seed=2] step=5000 pos0_grad=-1.004e-07 bos_grad=+5.268e-09 pos0_attn=0.0582 bos_attn=0.0710
[duplicate_0,8 seed=2] step=10000 pos0_grad=+1.028e-07 bos_grad=+1.028e-07 pos0_attn=0.0734 bos_attn=0.0844
[duplicate_0,32 seed=2] step=0 pos0_grad=+1.632e-08 bos_grad=+1.632e-08 pos0_attn=0.0350 bos_attn=0.0491
[duplicate_0,32 seed=2] step=1000 pos0_grad=+1.458e-08 bos_grad=+1.458e-08 pos0_attn=0.0383 bos_attn=0.0501
[duplicate_0,32 seed=2] step=5000 pos0_grad=+8.608e-08 bos_grad=+8.608e-08 pos0_attn=0.0628 bos_attn=0.0719
[duplicate_0,32 seed=2] step=10000 pos0_grad=+3.489e-07 bos_grad=+3.489e-07 pos0_attn=0.0817 bos_attn=0.0893
outputs/realtext_toy_shifted_bos_gradients/wikitext103_train_expanded_3seed/aggregate_gradient_summary.md
