Script started on 2026-07-14 12:41:03+00:00 [<not executed on terminal>]
[single_8] step=0 loss=10.8562 pos0=0.0349 ctrl=0.0313 bos_sum=0.0218
[single_8] step=1000 loss=6.0670 pos0=0.0285 ctrl=0.0250 bos_sum=0.0163
[single_8] step=2000 loss=5.7588 pos0=0.0242 ctrl=0.0217 bos_sum=0.0142
[single_8] step=3000 loss=5.6732 pos0=0.0224 ctrl=0.0201 bos_sum=0.0142
[single_8] step=4000 loss=5.6640 pos0=0.0227 ctrl=0.0200 bos_sum=0.0143
[single_8] step=5000 loss=5.7235 pos0=0.0223 ctrl=0.0195 bos_sum=0.0139
[single_8] step=6000 loss=5.7784 pos0=0.0222 ctrl=0.0190 bos_sum=0.0149
[single_8] step=7000 loss=5.8676 pos0=0.0227 ctrl=0.0191 bos_sum=0.0151
[single_8] step=8000 loss=5.9865 pos0=0.0223 ctrl=0.0187 bos_sum=0.0153
[single_8] step=9000 loss=6.1309 pos0=0.0222 ctrl=0.0183 bos_sum=0.0154
[single_8] step=10000 loss=6.2468 pos0=0.0226 ctrl=0.0182 bos_sum=0.0163
[single_32] step=0 loss=10.8427 pos0=0.0349 ctrl=0.0313 bos_sum=0.0142
[single_32] step=1000 loss=6.0534 pos0=0.0288 ctrl=0.0254 bos_sum=0.0106
[single_32] step=2000 loss=5.7524 pos0=0.0237 ctrl=0.0217 bos_sum=0.0085
[single_32] step=3000 loss=5.6688 pos0=0.0223 ctrl=0.0203 bos_sum=0.0077
[single_32] step=4000 loss=5.6660 pos0=0.0218 ctrl=0.0198 bos_sum=0.0061
[single_32] step=5000 loss=5.6960 pos0=0.0226 ctrl=0.0200 bos_sum=0.0062
[single_32] step=6000 loss=5.8020 pos0=0.0225 ctrl=0.0199 bos_sum=0.0059
[single_32] step=7000 loss=5.8838 pos0=0.0224 ctrl=0.0195 bos_sum=0.0055
[single_32] step=8000 loss=5.9860 pos0=0.0229 ctrl=0.0200 bos_sum=0.0053
[single_32] step=9000 loss=6.1127 pos0=0.0235 ctrl=0.0197 bos_sum=0.0051
[single_32] step=10000 loss=6.2466 pos0=0.0228 ctrl=0.0192 bos_sum=0.0053
[duplicate_0,8] step=0 loss=10.8473 pos0=0.0350 ctrl=0.0313 bos_sum=0.0569
[duplicate_0,8] step=1000 loss=6.0620 pos0=0.0411 ctrl=0.0241 bos_sum=0.0615
[duplicate_0,8] step=2000 loss=5.7807 pos0=0.0479 ctrl=0.0202 bos_sum=0.0661
[duplicate_0,8] step=3000 loss=5.6863 pos0=0.0548 ctrl=0.0183 bos_sum=0.0711
[duplicate_0,8] step=4000 loss=5.6957 pos0=0.0609 ctrl=0.0169 bos_sum=0.0769
[duplicate_0,8] step=5000 loss=5.7434 pos0=0.0658 ctrl=0.0156 bos_sum=0.0815
[duplicate_0,8] step=6000 loss=5.8083 pos0=0.0725 ctrl=0.0153 bos_sum=0.0873
[duplicate_0,8] step=7000 loss=5.9340 pos0=0.0763 ctrl=0.0149 bos_sum=0.0910
[duplicate_0,8] step=8000 loss=6.0208 pos0=0.0783 ctrl=0.0145 bos_sum=0.0923
[duplicate_0,8] step=9000 loss=6.1292 pos0=0.0799 ctrl=0.0141 bos_sum=0.0938
[duplicate_0,8] step=10000 loss=6.2834 pos0=0.0811 ctrl=0.0139 bos_sum=0.0944
[duplicate_0,32] step=0 loss=10.8551 pos0=0.0349 ctrl=0.0312 bos_sum=0.0491
[duplicate_0,32] step=1000 loss=6.0734 pos0=0.0432 ctrl=0.0214 bos_sum=0.0572
[duplicate_0,32] step=2000 loss=5.7635 pos0=0.0451 ctrl=0.0177 bos_sum=0.0569
[duplicate_0,32] step=3000 loss=5.6752 pos0=0.0474 ctrl=0.0162 bos_sum=0.0581
[duplicate_0,32] step=4000 loss=5.6796 pos0=0.0491 ctrl=0.0158 bos_sum=0.0579
[duplicate_0,32] step=5000 loss=5.7157 pos0=0.0562 ctrl=0.0159 bos_sum=0.0646
[duplicate_0,32] step=6000 loss=5.8028 pos0=0.0580 ctrl=0.0152 bos_sum=0.0658
[duplicate_0,32] step=7000 loss=5.8901 pos0=0.0591 ctrl=0.0152 bos_sum=0.0660
[duplicate_0,32] step=8000 loss=6.0171 pos0=0.0622 ctrl=0.0145 bos_sum=0.0689
[duplicate_0,32] step=9000 loss=6.1027 pos0=0.0614 ctrl=0.0139 bos_sum=0.0676
[duplicate_0,32] step=10000 loss=6.2350 pos0=0.0644 ctrl=0.0136 bos_sum=0.0702
outputs/realtext_toy_bos_presence_controls/wikitext103_train_missing_seed_completion_20260714_resume2/aggregate_summary.md

Script done on 2026-07-14 13:17:43+00:00 [COMMAND_EXIT_CODE="0"]
